// Jest Snapshot v1, https://goo.gl/fbAQLP

exports[`Navigation bar matches snapshot 1`] = `
Array [
  <nav
    className="sc-bdnxRM bBqHQE desktop__navbar shadow-lg"
    data-testid="nav"
  >
    <div
      className="p-2 flex flex-row space-x-2 items-center"
    >
      <svg
        className="h-5 text-gray-800"
        fill="currentColor"
        onClick={null}
        viewBox="0 0 20 20"
        xmlns="http://www.w3.org/2000/svg"
      >
        <path
          clipRule="evenodd"
          d="M3 5a1 1 0 011-1h12a1 1 0 110 2H4a1 1 0 01-1-1zM3 10a1 1 0 011-1h12a1 1 0 110 2H4a1 1 0 01-1-1zM3 15a1 1 0 011-1h12a1 1 0 110 2H4a1 1 0 01-1-1z"
          fillRule="evenodd"
        />
      </svg>
      <a
        className="text-gray-700 font-semibold text-xl"
        href="/"
        onClick={[Function]}
      >
        Do3ensKE
      </a>
    </div>
    <div
      className="bg-gray-100 flex flex-row items-center content-center space-x-2 rounded-full"
      style={
        Object {
          "width": "30rem",
        }
      }
    >
      <svg
        className="h-10 text-gray-400 p-1.5"
        fill="currentColor"
        viewBox="0 0 20 20"
        xmlns="http://www.w3.org/2000/svg"
      >
        <path
          clipRule="evenodd"
          d="M8 4a4 4 0 100 8 4 4 0 000-8zM2 8a6 6 0 1110.89 3.476l4.817 4.817a1 1 0 01-1.414 1.414l-4.816-4.816A6 6 0 012 8z"
          fillRule="evenodd"
        />
      </svg>
      <input
        className=" text-sm w-full focus:outline-none bg-transparent"
        onClick={[Function]}
        placeholder="Search..."
      />
      <svg
        className="h-10 text-gray-400 p-1.5"
        fill="currentColor"
        viewBox="0 0 20 20"
        xmlns="http://www.w3.org/2000/svg"
      >
        <path
          clipRule="evenodd"
          d="M4.293 4.293a1 1 0 011.414 0L10 8.586l4.293-4.293a1 1 0 111.414 1.414L11.414 10l4.293 4.293a1 1 0 01-1.414 1.414L10 11.414l-4.293 4.293a1 1 0 01-1.414-1.414L8.586 10 4.293 5.707a1 1 0 010-1.414z"
          fillRule="evenodd"
        />
      </svg>
    </div>
    <div>
      <div
        className="hover:cursor-pointer py-2 px-4 border  focus:outline-none rounded-md text-gray-900"
        onClick={[Function]}
      >
        Login
      </div>
    </div>
  </nav>,
  <nav
    className="sc-gtsrHT iLPqLW nav-menu"
  >
    <ul
      className="leading-8 "
    >
      <li
        className="sc-dlnjwi hHwtZA"
      >
        <svg
          className="h-5 ml-3 text-gray-500 mr-4"
          fill="currentColor"
          viewBox="0 0 20 20"
          xmlns="http://www.w3.org/2000/svg"
        >
          <path
            d="M10.707 2.293a1 1 0 00-1.414 0l-7 7a1 1 0 001.414 1.414L4 10.414V17a1 1 0 001 1h2a1 1 0 001-1v-2a1 1 0 011-1h2a1 1 0 011 1v2a1 1 0 001 1h2a1 1 0 001-1v-6.586l.293.293a1 1 0 001.414-1.414l-7-7z"
          />
        </svg>
        <div
          className=" text-sm text-gray-700"
        >
          Home
        </div>
      </li>
      <hr
        className="text-white p-2"
      />
      <li
        className="sc-dlnjwi hHwtZA"
      >
        <svg
          className="h-5 ml-3  text-gray-500 mr-4"
          fill="currentColor"
          viewBox="0 0 20 20"
          xmlns="http://www.w3.org/2000/svg"
        >
          <path
            d="M4 4a2 2 0 00-2 2v1h16V6a2 2 0 00-2-2H4z"
          />
          <path
            clipRule="evenodd"
            d="M18 9H2v5a2 2 0 002 2h12a2 2 0 002-2V9zM4 13a1 1 0 011-1h1a1 1 0 110 2H5a1 1 0 01-1-1zm5-1a1 1 0 100 2h1a1 1 0 100-2H9z"
            fillRule="evenodd"
          />
        </svg>
        <div
          className="text-sm text-gray-700"
        >
          Purchases 
        </div>
      </li>
      <li
        className="sc-dlnjwi hHwtZA"
      >
        <svg
          className="h-5 ml-3  text-gray-500 mr-4"
          fill="currentColor"
          viewBox="0 0 20 20"
          xmlns="http://www.w3.org/2000/svg"
        >
          <path
            clipRule="evenodd"
            d="M10 2a4 4 0 00-4 4v1H5a1 1 0 00-.994.89l-1 9A1 1 0 004 18h12a1 1 0 00.994-1.11l-1-9A1 1 0 0015 7h-1V6a4 4 0 00-4-4zm2 5V6a2 2 0 10-4 0v1h4zm-6 3a1 1 0 112 0 1 1 0 01-2 0zm7-1a1 1 0 100 2 1 1 0 000-2z"
            fillRule="evenodd"
          />
        </svg>
        <div
          className="text-sm text-gray-700"
        >
          Your products 
        </div>
      </li>
      <li
        className="sc-dlnjwi hHwtZA"
      >
        <svg
          className="h-5 ml-3 text-gray-500 mr-4"
          fill="currentColor"
          viewBox="0 0 20 20"
          xmlns="http://www.w3.org/2000/svg"
        >
          <path
            clipRule="evenodd"
            d="M10 18a8 8 0 100-16 8 8 0 000 16zm1-12a1 1 0 10-2 0v4a1 1 0 00.293.707l2.828 2.829a1 1 0 101.415-1.415L11 9.586V6z"
            fillRule="evenodd"
          />
        </svg>
        <div
          className="text-sm text-gray-700"
        >
          Recent purchases 
        </div>
      </li>
      <hr
        className="text-white py-2"
      />
      <li
        className="sc-dlnjwi hHwtZA"
      >
        <svg
          className="h-5 ml-3  text-gray-500 mr-4"
          fill="currentColor"
          viewBox="0 0 20 20"
          xmlns="http://www.w3.org/2000/svg"
        >
          <path
            d="M2 10.5a1.5 1.5 0 113 0v6a1.5 1.5 0 01-3 0v-6zM6 10.333v5.43a2 2 0 001.106 1.79l.05.025A4 4 0 008.943 18h5.416a2 2 0 001.962-1.608l1.2-6A2 2 0 0015.56 8H12V4a2 2 0 00-2-2 1 1 0 00-1 1v.667a4 4 0 01-.8 2.4L6.8 7.933a4 4 0 00-.8 2.4z"
          />
        </svg>
        <div
          className="text-sm  text-gray-700"
        >
          Liked Items
        </div>
      </li>
      <li
        className="sc-dlnjwi hHwtZA"
      >
        <svg
          className="h-5 ml-3 text-gray-500 mr-4"
          fill="currentColor"
          viewBox="0 0 20 20"
          xmlns="http://www.w3.org/2000/svg"
        >
          <path
            clipRule="evenodd"
            d="M10 18a8 8 0 100-16 8 8 0 000 16zM7 9H5v2h2V9zm8 0h-2v2h2V9zM9 9h2v2H9V9z"
            fillRule="evenodd"
          />
        </svg>
        <div
          className="text-sm  text-gray-700"
        >
          More Items
        </div>
      </li>
    </ul>
  </nav>,
]
`;
